// Jest Snapshot v1, https://goo.gl/fbAQLP

exports[`should render component 1`] = `
<DocumentFragment>
  <button
    class=" h-12 text-white font-inter rounded-tr-xl rounded-br-xl bg-red-accent border-light-red-accent 
 border-t-2 border-b-2 border-r-2 p-4"
    data-testid="open"
  >
    <div
      class="hover:drop-shadow-nxl transition-all duration-500 "
    >
      <svg
        fill="currentColor"
        height="1em"
        stroke="currentColor"
        stroke-width="0"
        viewBox="0 0 20 20"
        width="1em"
        xmlns="http://www.w3.org/2000/svg"
      >
        <path
          d="M3 1a1 1 0 000 2h1.22l.305 1.222a.997.997 0 00.01.042l1.358 5.43-.893.892C3.74 11.846 4.632 14 6.414 14H15a1 1 0 000-2H6.414l1-1H14a1 1 0 00.894-.553l3-6A1 1 0 0017 3H6.28l-.31-1.243A1 1 0 005 1H3zM16 16.5a1.5 1.5 0 11-3 0 1.5 1.5 0 013 0zM6.5 18a1.5 1.5 0 100-3 1.5 1.5 0 000 3z"
        />
      </svg>
    </div>
  </button>
</DocumentFragment>
`;
