// Jest Snapshot v1, https://goo.gl/fbAQLP

exports[`should render component 1`] = `
<DocumentFragment>
  <div
    class=" flex justify-around text-xs text-left text-white-accent h-16 "
    data-testid="product-in-cart"
  >
    <div
      class="grid content-center text-[8px] w-[10rem]  text-white-accent  p-4"
    >
      MockProduct
    </div>
    <div
      class="w-[3rem] grid grid-cols-cart-quantity bg-blue-accent m-1 rounded-md"
    >
      <div
        class="col-span-2 justify-self-center self-end"
        data-testid="product-quantity"
      >
        1
      </div>
      <button
        class="text-green-500 transition-all duration-500 hover:text-green-300"
        data-testid="decrement-quantity"
        disabled=""
      >
        -
      </button>
      <button
        class="text-red-500 transition-all duration-500 hover:text-red-300"
        data-testid="increment-quantity"
      >
        +
      </button>
    </div>
    <div
      class=" grid content-center justify-center text-base  w-[5rem] transition-all duration-500"
    >
      $ 1
    </div>
    <div
      class="flex justify-center rounded-full text-red-accent transition-all duration-500 hover:text-light-red-accent p-4"
    >
      <button
        data-testid="delete-product"
      >
        <svg
          fill="currentColor"
          height="1em"
          stroke="currentColor"
          stroke-width="0"
          viewBox="0 0 20 20"
          width="1em"
          xmlns="http://www.w3.org/2000/svg"
        >
          <path
            clip-rule="evenodd"
            d="M9 2a1 1 0 00-.894.553L7.382 4H4a1 1 0 000 2v10a2 2 0 002 2h8a2 2 0 002-2V6a1 1 0 100-2h-3.382l-.724-1.447A1 1 0 0011 2H9zM7 8a1 1 0 012 0v6a1 1 0 11-2 0V8zm5-1a1 1 0 00-1 1v6a1 1 0 102 0V8a1 1 0 00-1-1z"
            fill-rule="evenodd"
          />
        </svg>
      </button>
    </div>
  </div>
  <hr />
</DocumentFragment>
`;
